124.205.86.175 - - [25/Mar/2018:03:46:25 +0800] "GET /tt/201803/t20180323_4639485.shtml HTTP/1.1" 200 142595 "http://big5.cas.cn/" "Mozilla/5.0 (compatible; MSIE 9.0; Windows NT 6.1; WOW64; Trident/5.0)"
124.205.86.175 - - [25/Mar/2018:03:46:26 +0800] "GET /yw/201803/t20180320_4639009.shtml HTTP/1.1" 200 143608 "http://big5.cas.cn/" "Mozilla/5.0 (compatible; MSIE 9.0; Windows NT 6.1; WOW64; Trident/5.0)"
124.205.86.175 - - [25/Mar/2018:03:46:26 +0800] "GET /yw/201803/t20180320_4639013.shtml HTTP/1.1" 200 144540 "http://big5.cas.cn/" "Mozilla/5.0 (compatible; MSIE 9.0; Windows NT 6.1; WOW64; Trident/5.0)"
124.205.86.175 - - [25/Mar/2018:03:46:26 +0800] "GET /yw/201803/t20180315_4638571.shtml HTTP/1.1" 200 143383 "http://big5.cas.cn/" "Mozilla/5.0 (compatible; MSIE 9.0; Windows NT 6.1; WOW64; Trident/5.0)"
124.205.86.175 - - [25/Mar/2018:03:46:26 +0800] "GET /yw/201803/t20180317_4638698.shtml HTTP/1.1" 200 142208 "http://big5.cas.cn/" "Mozilla/5.0 (compatible; MSIE 9.0; Windows NT 6.1; WOW64; Trident/5.0)"
124.205.86.175 - - [25/Mar/2018:03:46:27 +0800] "GET /spx/201803/t20180320_4638894.shtml HTTP/1.1" 200 141459 "http://big5.cas.cn/" "Mozilla/5.0 (compatible; MSIE 9.0; Windows NT 6.1; WOW64; Trident/5.0)"
124.205.86.175 - - [25/Mar/2018:03:46:27 +0800] "GET /spx/201803/t20180321_4639109.shtml HTTP/1.1" 200 141512 "http://big5.cas.cn/" "Mozilla/5.0 (compatible; MSIE 9.0; Windows NT 6.1; WOW64; Trident/5.0)"
106.120.173.129 - - [25/Mar/2018:03:46:37 +0800] "GET /jzd/jdj/jszjh/200410/t20041013_1722352.shtml HTTP/1.1" 200 26784 "-" "Sogou web spider/4.0(+http://www.sogou.com/docs/help/webmasters.htm#07)"
123.126.113.90 - - [25/Mar/2018:03:46:48 +0800] "GET /xw/cmsm/200507/t20050703_2695210.shtml HTTP/1.1" 200 27036 "-" "Sogou web spider/4.0(+http://www.sogou.com/docs/help/webmasters.htm#07)"
123.126.113.129 - - [25/Mar/2018:03:46:53 +0800] "GET /zt/kjzt/11thkexing/11thkexing/wenzi11/11sandeng1/index_1.html HTTP/1.1" 200 11168 "-" "Sogou web spider/4.0(+http://www.sogou.com/docs/help/webmasters.htm#07)"
123.126.113.88 - - [25/Mar/2018:03:47:14 +0800] "GET /xw/kjsm/gjdt/200906/t20090608_634486.shtml HTTP/1.1" 200 26995 "-" "Sogou web spider/4.0(+http://www.sogou.com/docs/help/webmasters.htm#07)"
123.126.113.91 - - [25/Mar/2018:03:47:24 +0800] "GET /xw/yxdt/200905/t20090514_2046544.shtml HTTP/1.1" 200 26778 "-" "Sogou web spider/4.0(+http://www.sogou.com/docs/help/webmasters.htm#07)"
123.126.113.90 - - [25/Mar/2018:03:48:10 +0800] "GET /xw/kjsm/gndt/200512/t20051201_1002005.shtml HTTP/1.1" 200 26352 "-" "Sogou web spider/4.0(+http://www.sogou.com/docs/help/webmasters.htm#07)"
157.55.39.163 - - [25/Mar/2018:03:48:29 +0800] "GET /ky/kyjz/201411/t20141119_4255732.shtml HTTP/1.1" 200 30251 "-" "Mozilla/5.0 (compatible; bingbot/2.0; +http://www.bing.com/bingbot.htm)"
157.55.39.209 - - [25/Mar/2018:03:48:32 +0800] "GET /kx/gz/201603/t20160314_4549434.shtml HTTP/1.1" 200 141633 "-" "Mozilla/5.0 (compatible; bingbot/2.0; +http://www.bing.com/bingbot.htm)"
157.55.39.209 - - [25/Mar/2018:03:48:34 +0800] "GET /spx/201705/t20170525_4602786.shtml HTTP/1.1" 200 141633 "-" "Mozilla/5.0 (compatible; bingbot/2.0; +http://www.bing.com/bingbot.htm)"
123.126.113.88 - - [25/Mar/2018:03:48:35 +0800] "GET /hzjl/ydhz/hzdt/201109/t20110906_3341829.shtml HTTP/1.1" 200 26810 "-" "Sogou web spider/4.0(+http://www.sogou.com/docs/help/webmasters.htm#07)"
220.181.125.67 - - [25/Mar/2018:03:48:45 +0800] "GET /yw/201505/t20150521_4360198.shtml HTTP/1.1" 200 145051 "-" "Sogou web spider/4.0(+http://www.sogou.com/docs/help/webmasters.htm#07)"
123.126.113.91 - - [25/Mar/2018:03:48:49 +0800] "GET /xw/kjsm/gndt/200906/t20090608_651593.shtml HTTP/1.1" 200 26699 "-" "Sogou web spider/4.0(+http://www.sogou.com/docs/help/webmasters.htm#07)"
106.38.241.174 - - [25/Mar/2018:03:49:15 +0800] "GET /zt/sszt/cas19da/gzjz/cdfy/201712/t20171207_4626136.shtml HTTP/1.1" 200 12543 "-" "Sogou web spider/4.0(+http://www.sogou.com/docs/help/webmasters.htm#07)"
123.126.113.90 - - [25/Mar/2018:03:49:24 +0800] "GET /kxcb/kpdt/201405/t20140526_4127263.shtml HTTP/1.1" 200 27704 "-" "Sogou web spider/4.0(+http://www.sogou.com/docs/help/webmasters.htm#07)"
220.181.125.67 - - [25/Mar/2018:03:49:43 +0800] "GET /ky/kyjz/201310/t20131023_3961734.shtml HTTP/1.1" 200 29352 "-" "Sogou web spider/4.0(+http://www.sogou.com/docs/help/webmasters.htm#07)"
123.126.113.88 - - [25/Mar/2018:03:49:47 +0800] "GET /xw/cmsm/201311/t20131101_3966456.shtml HTTP/1.1" 200 27665 "-" "Sogou web spider/4.0(+http://www.sogou.com/docs/help/webmasters.htm#07)"
106.38.241.174 - - [25/Mar/2018:03:49:52 +0800] "GET /rcjy/gz/201602/t20160226_4537903.shtml HTTP/1.1" 200 141617 "-" "Sogou web spider/4.0(+http://www.sogou.com/docs/help/webmasters.htm#07)"
106.38.241.177 - - [25/Mar/2018:03:50:20 +0800] "GET /xw/ldhd/200903/t20090327_1917046.shtml HTTP/1.1" 200 28379 "-" "Sogou web spider/4.0(+http://www.sogou.com/docs/help/webmasters.htm#07)"
106.38.241.174 - - [25/Mar/2018:03:50:32 +0800] "GET /jypx/gzdt/201109/t20110916_3350825.shtml HTTP/1.1" 200 26555 "-" "Sogou web spider/4.0(+http://www.sogou.com/docs/help/webmasters.htm#07)"
220.181.125.67 - - [25/Mar/2018:03:50:39 +0800] "GET /xw/cmsm/201310/t20131018_3958863.shtml HTTP/1.1" 200 27718 "-" "Sogou web spider/4.0(+http://www.sogou.com/docs/help/webmasters.htm#07)"
157.55.39.208 - - [25/Mar/2018:03:50:42 +0800] "GET /ky/kyjz/201411/t20141119_4255710.shtml HTTP/1.1" 200 29709 "-" "Mozilla/5.0 (compatible; bingbot/2.0; +http://www.bing.com/bingbot.htm)"
106.38.241.177 - - [25/Mar/2018:03:50:58 +0800] "GET /ky/kyjz/201205/W020120509349994163376.pdf HTTP/1.1" 304 - "-" "Sogou web spider/4.0(+http://www.sogou.com/docs/help/webmasters.htm#07)"
123.126.113.130 - - [25/Mar/2018:03:51:21 +0800] "GET /xw/yxdt/200802/t20080228_985811.shtml HTTP/1.1" 200 27609 "-" "Sogou web spider/4.0(+http://www.sogou.com/docs/help/webmasters.htm#07)"
123.126.113.88 - - [25/Mar/2018:03:51:32 +0800] "GET /wh/wmtd/201202/t20120221_3443283.shtml HTTP/1.1" 200 26449 "-" "Sogou web spider/4.0(+http://www.sogou.com/docs/help/webmasters.htm#07)"
106.38.241.174 - - [25/Mar/2018:03:51:40 +0800] "GET /zt/2013nzt/?&key=z4n5n HTTP/1.1" 200 140857 "-" "Sogou web spider/4.0(+http://www.sogou.com/docs/help/webmasters.htm#07)"
42.236.44.33 - - [25/Mar/2018:03:51:54 +0800] "GET /zt/sszt/cpc18/xxls/201212/W020121205643680539017.jpg HTTP/1.1" 200 57478 "http://big5.cas.cn/zt/sszt/cpc18/xxls/201212/t20121205_3699328.shtml" "Mozilla/5.0 (compatible; MSIE 9.0; Windows NT 6.1; Trident/5.0)"
220.181.124.23 - - [25/Mar/2018:03:52:12 +0800] "GET /ys/gzdt/200910/t20091022_2586957.shtml HTTP/1.1" 200 26581 "-" "Sogou web spider/4.0(+http://www.sogou.com/docs/help/webmasters.htm#07)"
203.208.60.133 - - [25/Mar/2018:03:52:22 +0800] "GET /images/20151217_awzx.css HTTP/1.1" 200 1694 "http://big5.cas.cn/zt/kjzt/awzlztcwxgc/awztcwxmtbd/201512/t20151218_4499230.shtml" "Mozilla/5.0 (compatible; Googlebot/2.1; +http://www.google.com/bot.html)"
123.126.113.91 - - [25/Mar/2018:03:52:23 +0800] "GET /dj/gzdt/201106/t20110620_3289852.shtml HTTP/1.1" 200 28847 "-" "Sogou web spider/4.0(+http://www.sogou.com/docs/help/webmasters.htm#07)"
123.126.113.91 - - [25/Mar/2018:03:53:25 +0800] "GET /jzd/jlt/jrdhp/index_18.shtml HTTP/1.1" 200 34509 "-" "Sogou web spider/4.0(+http://www.sogou.com/docs/help/webmasters.htm#07)"
123.126.113.92 - - [25/Mar/2018:03:53:48 +0800] "GET /hzjl/gjjl/hzdt/201107/t20110725_3313628.shtml HTTP/1.1" 200 26856 "-" "Sogou web spider/4.0(+http://www.sogou.com/docs/help/webmasters.htm#07)"
106.120.173.120 - - [25/Mar/2018:03:54:06 +0800] "GET /hy/hyyg/index_17.shtml HTTP/1.1" 200 35391 "-" "Sogou web spider/4.0(+http://www.sogou.com/docs/help/webmasters.htm#07)"
211.249.40.30 - - [25/Mar/2018:03:54:58 +0800] "GET /kxcb/kpwz/200912/t20091208_2706153.shtml HTTP/1.1" 200 26479 "-" "facebookexternalhit/1.1;line-poker/1.0"
211.249.40.30 - - [25/Mar/2018:03:54:58 +0800] "GET /kxcb/kpwz/200912/t20091208_2706153.shtml HTTP/1.1" 200 26479 "-" "facebookexternalhit/1.1;line-poker/1.0"
157.55.39.209 - - [25/Mar/2018:03:55:00 +0800] "GET /kxcb/kpwz/201205/W020120508578297446909.jpg HTTP/1.1" 200 23331 "-" "Mozilla/5.0 (compatible; bingbot/2.0; +http://www.bing.com/bingbot.htm)"
123.126.113.92 - - [25/Mar/2018:03:55:06 +0800] "GET /hzjl/gjjl/hzdt/201308/t20130821_3916014.shtml HTTP/1.1" 200 26322 "-" "Sogou web spider/4.0(+http://www.sogou.com/docs/help/webmasters.htm#07)"
123.126.113.90 - - [25/Mar/2018:03:55:40 +0800] "GET /xw/cmsm/200401/t20040115_2693566.shtml HTTP/1.1" 200 26436 "-" "Sogou web spider/4.0(+http://www.sogou.com/docs/help/webmasters.htm#07)"
123.126.113.130 - - [25/Mar/2018:03:56:31 +0800] "GET /zt/hyzt/2015ndgzhy/2014ywhg/201501/t20150127_4305634.shtml HTTP/1.1" 200 9641 "-" "Sogou web spider/4.0(+http://www.sogou.com/docs/help/webmasters.htm#07)"
123.126.113.88 - - [25/Mar/2018:03:57:03 +0800] "GET /xw/yxdt/200511/t20051125_981702.shtml HTTP/1.1" 200 27812 "-" "Sogou web spider/4.0(+http://www.sogou.com/docs/help/webmasters.htm#07)"
106.38.241.178 - - [25/Mar/2018:03:57:15 +0800] "GET /jypx/gzdt/200409/t20040921_1698879.shtml HTTP/1.1" 200 27540 "-" "Sogou web spider/4.0(+http://www.sogou.com/docs/help/webmasters.htm#07)"
207.46.13.33 - - [25/Mar/2018:03:57:34 +0800] "GET /yw/201707/t20170729_4610207.shtml HTTP/1.1" 200 143413 "-" "Mozilla/5.0 (compatible; bingbot/2.0; +http://www.bing.com/bingbot.htm)"
106.38.241.178 - - [25/Mar/2018:03:58:05 +0800] "GET /xw/kjsm/gjdt/200906/t20090608_625119.shtml HTTP/1.1" 200 26620 "-" "Sogou web spider/4.0(+http://www.sogou.com/docs/help/webmasters.htm#07)"
123.126.113.130 - - [25/Mar/2018:03:58:22 +0800] "GET /xw/cmsm/200502/t20050204_2694831.shtml HTTP/1.1" 200 26341 "-" "Sogou web spider/4.0(+http://www.sogou.com/docs/help/webmasters.htm#07)"
157.55.39.209 - - [25/Mar/2018:03:58:38 +0800] "GET /zz/jg/ys/yzj/cg/200911/t20091124_2674705.shtml HTTP/1.1" 200 134891 "-" "Mozilla/5.0 (compatible; bingbot/2.0; +http://www.bing.com/bingbot.htm)"
106.38.241.178 - - [25/Mar/2018:03:58:55 +0800] "GET /hzjl/gjjl/hzdt/200406/t20040629_1712590.shtml HTTP/1.1" 200 26670 "-" "Sogou web spider/4.0(+http://www.sogou.com/docs/help/webmasters.htm#07)"
220.181.125.67 - - [25/Mar/2018:03:59:20 +0800] "GET /ggfw/tzgg_1/201311/t20131101_3966344.shtml HTTP/1.1" 200 28722 "-" "Sogou web spider/4.0(+http://www.sogou.com/docs/help/webmasters.htm#07)"
207.46.13.33 - - [25/Mar/2018:03:59:40 +0800] "GET /yw/201802/t20180222_4636382.shtml HTTP/1.1" 200 146452 "-" "Mozilla/5.0 (compatible; bingbot/2.0; +http://www.bing.com/bingbot.htm)"
220.181.125.67 - - [25/Mar/2018:04:00:03 +0800] "GET /xw/zjsd/200410/t20041027_1685462.shtml HTTP/1.1" 200 37869 "-" "Sogou web spider/4.0(+http://www.sogou.com/docs/help/webmasters.htm#07)"
106.120.173.141 - - [25/Mar/2018:04:00:31 +0800] "GET /hzjl/gjjl/hzdt/201207/t20120726_3621975.shtml HTTP/1.1" 200 27221 "-" "Sogou web spider/4.0(+http://www.sogou.com/docs/help/webmasters.htm#07)"
220.181.125.67 - - [25/Mar/2018:04:00:47 +0800] "GET /hy/hyyg/201407/t20140704_4149188.shtml HTTP/1.1" 200 27271 "-" "Sogou web spider/4.0(+http://www.sogou.com/docs/help/webmasters.htm#07)"
157.55.39.209 - - [25/Mar/2018:04:01:46 +0800] "GET /kxcb/kpwz/201207/t20120710_3612649.shtml HTTP/1.1" 200 28256 "-" "Mozilla/5.0 (compatible; bingbot/2.0; +http://www.bing.com/bingbot.htm)"
207.46.13.33 - - [25/Mar/2018:04:02:03 +0800] "GET /kxcb/kpwz/201207/images/lml2b.gif HTTP/1.1" 404 1297 "-" "Mozilla/5.0 (compatible; bingbot/2.0; +http://www.bing.com/bingbot.htm)"
207.46.13.33 - - [25/Mar/2018:04:02:03 +0800] "GET /kxcb/kpwz/201207/images/lml5b.gif HTTP/1.1" 404 1297 "-" "Mozilla/5.0 (compatible; bingbot/2.0; +http://www.bing.com/bingbot.htm)"
157.55.39.209 - - [25/Mar/2018:04:02:07 +0800] "GET /kxcb/kpwz/201207/images/lml1b.gif HTTP/1.1" 404 1297 "-" "Mozilla/5.0 (compatible; bingbot/2.0; +http://www.bing.com/bingbot.htm)"
157.55.39.209 - - [25/Mar/2018:04:02:07 +0800] "GET /kxcb/kpwz/201207/images/lml6b.gif HTTP/1.1" 404 1297 "-" "Mozilla/5.0 (compatible; bingbot/2.0; +http://www.bing.com/bingbot.htm)"
157.55.39.163 - - [25/Mar/2018:04:02:10 +0800] "GET /kxcb/kpwz/201207/images/lml3b.gif HTTP/1.1" 404 1297 "-" "Mozilla/5.0 (compatible; bingbot/2.0; +http://www.bing.com/bingbot.htm)"
157.55.39.163 - - [25/Mar/2018:04:02:10 +0800] "GET /kxcb/kpwz/201207/images/lml4b.gif HTTP/1.1" 404 1297 "-" "Mozilla/5.0 (compatible; bingbot/2.0; +http://www.bing.com/bingbot.htm)"
123.126.113.79 - - [25/Mar/2018:04:02:30 +0800] "GET /rc/gzdt/201012/t20101202_3036107.shtml HTTP/1.1" 200 27460 "-" "Sogou web spider/4.0(+http://www.sogou.com/docs/help/webmasters.htm#07)"
220.181.125.177 - - [25/Mar/2018:04:02:46 +0800] "GET /tz/201604/t20160408_4552296.shtml HTTP/1.1" 200 145144 "-" "Sogou web spider/4.0(+http://www.sogou.com/docs/help/webmasters.htm#07)"
106.120.173.108 - - [25/Mar/2018:04:06:53 +0800] "GET /rc/rczp/201002/t20100221_2779533.shtml HTTP/1.1" 200 27258 "-" "Sogou web spider/4.0(+http://www.sogou.com/docs/help/webmasters.htm#07)"
203.208.60.130 - - [25/Mar/2018:04:06:58 +0800] "GET /kxcb/kpwz/201404/W020140403376868150928.gif HTTP/1.1" 200 76803 "-" "Googlebot-Image/1.0"
123.126.113.81 - - [25/Mar/2018:04:07:02 +0800] "GET /wh/wmtd/201001/t20100126_2735938.shtml HTTP/1.1" 200 26473 "-" "Sogou web spider/4.0(+http://www.sogou.com/docs/help/webmasters.htm#07)"
203.208.60.132 - - [25/Mar/2018:04:07:34 +0800] "GET /rc/rczp/201312/t20131210_3994736.shtml HTTP/1.1" 200 27090 "-" "Mozilla/5.0 (compatible; Googlebot/2.1; +http://www.google.com/bot.html)"
106.38.241.161 - - [25/Mar/2018:04:07:38 +0800] "GET /zt/hyzt/2015ndgzhy/2014ywhg/201501/t20150127_4305608.shtml HTTP/1.1" 200 9645 "-" "Sogou web spider/4.0(+http://www.sogou.com/docs/help/webmasters.htm#07)"
123.126.113.81 - - [25/Mar/2018:04:08:53 +0800] "GET /rcjy/gz/201603/t20160304_4542308.shtml HTTP/1.1" 200 142918 "-" "Sogou web spider/4.0(+http://www.sogou.com/docs/help/webmasters.htm#07)"
203.208.60.129 - - [25/Mar/2018:04:09:07 +0800] "GET /kxcb/kpwz/201008/t20100824_2931428.shtml HTTP/1.1" 200 27495 "-" "Mozilla/5.0 (compatible; Googlebot/2.1; +http://www.google.com/bot.html)"
103.26.77.190 - - [25/Mar/2018:04:09:12 +0800] "GET / HTTP/1.0" 200 181651 "-" "Mozilla/5.0 (X11; U; Linux i686; en-US; rv:1.9.0.3) Gecko/2008092416 Firefox/3.0.3"
157.55.39.163 - - [25/Mar/2018:04:09:14 +0800] "GET /kxcb/kpwz/201408/t20140804_4170648.shtml HTTP/1.1" 200 36197 "-" "Mozilla/5.0 (compatible; bingbot/2.0; +http://www.bing.com/bingbot.htm)"
203.208.60.131 - - [25/Mar/2018:04:10:25 +0800] "GET /rc/rczp/201312/W020131210466287580509.xls HTTP/1.1" 200 24576 "-" "Mozilla/5.0 (compatible; Googlebot/2.1; +http://www.google.com/bot.html)"
141.8.142.52 - - [25/Mar/2018:04:10:40 +0800] "GET /rcjy/gz/201510/W020151030628206442458.jpg HTTP/1.1" 200 28464 "-" "Mozilla/5.0 (compatible; YandexImages/3.0; +http://yandex.com/bots)"
123.125.71.43 - - [25/Mar/2018:04:11:06 +0800] "GET /zt/hyzt/TWOWS4TH/TWOWS4THSJTWOWSJ/TWOWS4THEU/TWOWS4THEUTP/201006/t20100624_2887273.html HTTP/1.1" 200 3086 "-" "Mozilla/5.0 (compatible; Baiduspider/2.0; +http://www.baidu.com/search/spider.html)"
106.120.173.123 - - [25/Mar/2018:04:11:20 +0800] "GET /kxcb/kpwz/201010/t20101026_2993436.shtml HTTP/1.1" 200 36562 "-" "Sogou web spider/4.0(+http://www.sogou.com/docs/help/webmasters.htm#07)"
106.120.173.114 - - [25/Mar/2018:04:12:32 +0800] "GET /xw/zyxw/yw/201003/t20100308_2793019.shtml HTTP/1.1" 200 28733 "-" "Sogou web spider/4.0(+http://www.sogou.com/docs/help/webmasters.htm#07)"
123.126.113.130 - - [25/Mar/2018:04:12:45 +0800] "GET /hy/xshd/200608/t20060825_1692156.shtml HTTP/1.1" 200 28164 "-" "Sogou web spider/4.0(+http://www.sogou.com/docs/help/webmasters.htm#07)"
124.205.86.175 - - [25/Mar/2018:04:13:33 +0800] "GET /yw/201803/t20180322_4639305.shtml HTTP/1.1" 200 144714 "http://big5.cas.cn/" "Mozilla/5.0 (compatible; MSIE 9.0; Windows NT 6.1; WOW64; Trident/5.0)"
124.205.86.175 - - [25/Mar/2018:04:13:33 +0800] "GET /yw/201803/t20180320_4639009.shtml HTTP/1.1" 200 143608 "http://big5.cas.cn/" "Mozilla/5.0 (compatible; MSIE 9.0; Windows NT 6.1; WOW64; Trident/5.0)"
124.205.86.175 - - [25/Mar/2018:04:13:33 +0800] "GET /yw/201803/t20180315_4638571.shtml HTTP/1.1" 200 143383 "http://big5.cas.cn/" "Mozilla/5.0 (compatible; MSIE 9.0; Windows NT 6.1; WOW64; Trident/5.0)"
124.205.86.175 - - [25/Mar/2018:04:13:33 +0800] "GET /spx/201409/t20140920_4210676.shtml HTTP/1.1" 200 141506 "http://big5.cas.cn/" "Mozilla/5.0 (compatible; MSIE 9.0; Windows NT 6.1; WOW64; Trident/5.0)"
124.205.86.175 - - [25/Mar/2018:04:13:33 +0800] "GET /spx/201803/t20180321_4639109.shtml HTTP/1.1" 200 141512 "http://big5.cas.cn/" "Mozilla/5.0 (compatible; MSIE 9.0; Windows NT 6.1; WOW64; Trident/5.0)"
123.126.113.81 - - [25/Mar/2018:04:13:41 +0800] "GET /xw/kjsm/gndt/200412/t20041208_1000164.shtml HTTP/1.1" 200 26771 "-" "Sogou web spider/4.0(+http://www.sogou.com/docs/help/webmasters.htm#07)"
157.55.39.163 - - [25/Mar/2018:04:14:18 +0800] "GET /hzjl/gjjl/hzdt/201411/t20141117_4254005.shtml HTTP/1.1" 200 28063 "-" "Mozilla/5.0 (compatible; bingbot/2.0; +http://www.bing.com/bingbot.htm)"
157.55.39.163 - - [25/Mar/2018:04:14:19 +0800] "GET /kxcb/kpwz/201407/t20140715_4158148.shtml HTTP/1.1" 200 27469 "-" "Mozilla/5.0 (compatible; bingbot/2.0; +http://www.bing.com/bingbot.htm)"
123.126.113.92 - - [25/Mar/2018:04:15:15 +0800] "GET /xw/yxdt/200710/t20071022_985240.shtml HTTP/1.1" 200 27117 "-" "Sogou web spider/4.0(+http://www.sogou.com/docs/help/webmasters.htm#07)"
123.126.113.81 - - [25/Mar/2018:04:15:43 +0800] "GET /rc/rczp/201309/W020130929416703708745.doc HTTP/1.1" 304 - "-" "Sogou web spider/4.0(+http://www.sogou.com/docs/help/webmasters.htm#07)"
106.120.173.105 - - [25/Mar/2018:04:16:21 +0800] "GET /zt/kjzt/fdgx/cs/200304/t20030415_1710341.shtml HTTP/1.1" 200 27352 "-" "Sogou web spider/4.0(+http://www.sogou.com/docs/help/webmasters.htm#07)"
106.120.173.114 - - [25/Mar/2018:04:16:23 +0800] "GET /xw/kjsm/index_14.shtml HTTP/1.1" 200 37520 "-" "Sogou web spider/4.0(+http://www.sogou.com/docs/help/webmasters.htm#07)"
106.120.173.114 - - [25/Mar/2018:04:17:08 +0800] "GET /zt/kjzt/awzlztcwxgc/awztcwxmtbd/201512/t20151222_4500737.shtml HTTP/1.1" 200 11132 "-" "Sogou web spider/4.0(+http://www.sogou.com/docs/help/webmasters.htm#07)"
106.120.173.108 - - [25/Mar/2018:04:17:20 +0800] "GET /tt/201602/t20160225_4537191.shtml HTTP/1.1" 200 143251 "-" "Sogou web spider/4.0(+http://www.sogou.com/docs/help/webmasters.htm#07)"
123.125.71.105 - - [25/Mar/2018:04:17:38 +0800] "GET /yw/201609/t20160928_4576285.shtml HTTP/1.1" 200 144150 "-" "Mozilla/5.0 (compatible; Baiduspider/2.0; +http://www.baidu.com/search/spider.html)"
123.126.113.131 - - [25/Mar/2018:04:18:01 +0800] "GET /ky/kyjz/201404/t20140429_4102931.shtml HTTP/1.1" 200 28957 "-" "Sogou web spider/4.0(+http://www.sogou.com/docs/help/webmasters.htm#07)"
106.38.241.118 - - [25/Mar/2018:04:18:16 +0800] "GET /zt/sszt/cas19da/rysjd/index_2.shtml HTTP/1.1" 200 9597 "-" "Sogou web spider/4.0(+http://www.sogou.com/docs/help/webmasters.htm#07)"
123.126.113.79 - - [25/Mar/2018:04:18:33 +0800] "GET /xw/zjsd/200906/t20090608_644288.shtml HTTP/1.1" 200 27311 "-" "Sogou web spider/4.0(+http://www.sogou.com/docs/help/webmasters.htm#07)"
123.125.71.26 - - [25/Mar/2018:04:20:55 +0800] "GET /zt/2013nzt/?q=ak0vt HTTP/1.1" 200 140857 "-" "Mozilla/5.0 (compatible; Baiduspider/2.0; +http://www.baidu.com/search/spider.html)"
123.126.113.92 - - [25/Mar/2018:04:21:48 +0800] "GET /hzjl/gjjl/hzdt/201206/t20120605_3592638.shtml HTTP/1.1" 200 26620 "-" "Sogou web spider/4.0(+http://www.sogou.com/docs/help/webmasters.htm#07)"
123.126.113.131 - - [25/Mar/2018:04:23:48 +0800] "GET /zt/kjzt/11th/km/tpxw/ HTTP/1.1" 200 11738 "-" "Sogou web spider/4.0(+http://www.sogou.com/docs/help/webmasters.htm#07)"
106.120.173.141 - - [25/Mar/2018:04:24:03 +0800] "GET /xw/zjsd/200203/t20020305_1683541.shtml HTTP/1.1" 200 34871 "-" "Sogou web spider/4.0(+http://www.sogou.com/docs/help/webmasters.htm#07)"
157.55.39.209 - - [25/Mar/2018:04:24:09 +0800] "GET /ggzy/wxjs/ HTTP/1.1" 200 24903 "-" "Mozilla/5.0 (compatible; bingbot/2.0; +http://www.bing.com/bingbot.htm)"
106.120.173.141 - - [25/Mar/2018:04:24:33 +0800] "GET /wh/fkzt/kyysdsq/200911/t20091106_2649906.shtml HTTP/1.1" 200 28835 "-" "Sogou web spider/4.0(+http://www.sogou.com/docs/help/webmasters.htm#07)"
123.126.113.79 - - [25/Mar/2018:04:25:12 +0800] "GET /zt/kjzt/fdgx/fzdt/200304/t20030425_1709694.shtml HTTP/1.1" 200 26816 "-" "Sogou web spider/4.0(+http://www.sogou.com/docs/help/webmasters.htm#07)"
123.126.113.81 - - [25/Mar/2018:04:26:03 +0800] "GET /xw/kjsm/gndt/200502/t20050207_1000584.shtml HTTP/1.1" 200 35191 "-" "Sogou web spider/4.0(+http://www.sogou.com/docs/help/webmasters.htm#07)"
106.38.241.128 - - [25/Mar/2018:04:26:38 +0800] "GET /rc/rczp/201201/t20120118_3429236.shtml HTTP/1.1" 200 27372 "-" "Sogou web spider/4.0(+http://www.sogou.com/docs/help/webmasters.htm#07)"
123.126.113.81 - - [25/Mar/2018:04:26:53 +0800] "GET /zt/sszt/lxyzxxjy/lxyzjcdt/lxyzjcdtbjfy/201605/t20160530_4559475.shtml HTTP/1.1" 200 15001 "-" "Sogou web spider/4.0(+http://www.sogou.com/docs/help/webmasters.htm#07)"
207.46.13.106 - - [25/Mar/2018:04:27:27 +0800] "GET /kxcb/kpwz/201312/t20131230_4008258.shtml HTTP/1.1" 200 33441 "-" "Mozilla/5.0 (compatible; bingbot/2.0; +http://www.bing.com/bingbot.htm)"
123.125.71.105 - - [25/Mar/2018:04:27:29 +0800] "GET /ky/kyjz/201003/W020100304314084443962.pdf HTTP/1.1" 200 1125280 "-" "Mozilla/5.0 (compatible; Baiduspider/2.0; +http://www.baidu.com/search/spider.html)"
123.126.113.81 - - [25/Mar/2018:04:27:38 +0800] "GET /hzjl/gjjl/hzdt/201208/t20120829_3635505.shtml HTTP/1.1" 200 28789 "-" "Sogou web spider/4.0(+http://www.sogou.com/docs/help/webmasters.htm#07)"
207.46.13.33 - - [25/Mar/2018:04:27:39 +0800] "GET /xw/zjsd/201111/t20111117_3397513.shtml HTTP/1.1" 200 27133 "-" "Mozilla/5.0 (compatible; bingbot/2.0; +http://www.bing.com/bingbot.htm)"
157.55.39.209 - - [25/Mar/2018:04:27:45 +0800] "GET /ky/kyjz/201408/t20140822_4189979.shtml HTTP/1.1" 200 29526 "-" "Mozilla/5.0 (compatible; bingbot/2.0; +http://www.bing.com/bingbot.htm)"
157.55.39.209 - - [25/Mar/2018:04:27:46 +0800] "GET /spx/201710/t20171017_4617922.shtml HTTP/1.1" 200 141576 "-" "Mozilla/5.0 (compatible; bingbot/2.0; +http://www.bing.com/bingbot.htm)"
123.126.113.131 - - [25/Mar/2018:04:27:54 +0800] "GET /hy/hyyg/201107/t20110706_3301973.shtml HTTP/1.1" 200 28746 "-" "Sogou web spider/4.0(+http://www.sogou.com/docs/help/webmasters.htm#07)"
123.126.113.79 - - [25/Mar/2018:04:28:31 +0800] "GET /xw/ldhd/200506/t20050603_1916611.shtml HTTP/1.1" 200 26662 "-" "Sogou web spider/4.0(+http://www.sogou.com/docs/help/webmasters.htm#07)"
123.126.113.131 - - [25/Mar/2018:04:29:05 +0800] "GET /xw/ldhd/200909/t20090907_2540140.shtml HTTP/1.1" 200 27291 "-" "Sogou web spider/4.0(+http://www.sogou.com/docs/help/webmasters.htm#07)"
106.38.241.71 - - [25/Mar/2018:04:29:49 +0800] "GET /robots.txt HTTP/1.1" 404 - "-" "Sogou web spider/4.0(+http://www.sogou.com/docs/help/webmasters.htm#07)"
123.126.113.79 - - [25/Mar/2018:04:30:35 +0800] "GET /hy/xshd/201310/t20131028_3963762.shtml HTTP/1.1" 200 26862 "-" "Sogou web spider/4.0(+http://www.sogou.com/docs/help/webmasters.htm#07)"
220.181.124.130 - - [25/Mar/2018:04:30:39 +0800] "GET /robots.txt HTTP/1.1" 404 - "-" "Sogou web spider/4.0(+http://www.sogou.com/docs/help/webmasters.htm#07)"
220.181.108.119 - - [25/Mar/2018:04:30:44 +0800] "GET /zt/kjzt/jlh7000m/zkyzljlh/201206/t20120618_3601409.shtml HTTP/1.1" 200 8757 "-" "Mozilla/5.0 (compatible; Baiduspider/2.0; +http://www.baidu.com/search/spider.html)"
123.126.113.131 - - [25/Mar/2018:04:31:15 +0800] "GET /xw/zyxw/tpxw/200306/t20030617_1011602.shtml HTTP/1.1" 200 29827 "-" "Sogou web spider/4.0(+http://www.sogou.com/docs/help/webmasters.htm#07)"
203.208.60.131 - - [25/Mar/2018:04:31:23 +0800] "GET /xw/cmsm/201305/t20130508_3834274.shtml HTTP/1.1" 200 27040 "-" "Mozilla/5.0 (compatible; Googlebot/2.1; +http://www.google.com/bot.html)"
123.126.113.79 - - [25/Mar/2018:04:31:34 +0800] "GET /rc/rczp/201101/t20110128_3069112.shtml HTTP/1.1" 200 26933 "-" "Sogou web spider/4.0(+http://www.sogou.com/docs/help/webmasters.htm#07)"
207.46.13.106 - - [25/Mar/2018:04:33:09 +0800] "GET /yw/201605/t20160530_4559425.shtml HTTP/1.1" 200 144234 "-" "Mozilla/5.0 (compatible; bingbot/2.0; +http://www.bing.com/bingbot.htm)"
203.208.60.130 - - [25/Mar/2018:04:33:11 +0800] "GET /kxcb/kpdt/201304/t20130422_3824464.shtml HTTP/1.1" 200 28476 "-" "Mozilla/5.0 (compatible; Googlebot/2.1; +http://www.google.com/bot.html)"
106.120.173.123 - - [25/Mar/2018:04:33:38 +0800] "GET /xw/zjsd/200306/t20030611_1684182.shtml HTTP/1.1" 200 31409 "-" "Sogou web spider/4.0(+http://www.sogou.com/docs/help/webmasters.htm#07)"
203.208.60.132 - - [25/Mar/2018:04:33:58 +0800] "GET /xw/zyxw/yw/200810/t20081025_1022807.shtml HTTP/1.1" 200 29273 "-" "Mozilla/5.0 (compatible; Googlebot/2.1; +http://www.google.com/bot.html)"
220.181.108.160 - - [25/Mar/2018:04:34:01 +0800] "GET /zt/kjzt/?all/ubs5u HTTP/1.1" 200 173284 "-" "Mozilla/5.0 (compatible; Baiduspider/2.0; +http://www.baidu.com/search/spider.html)"
106.120.173.123 - - [25/Mar/2018:04:34:07 +0800] "GET /xw/kjsm/gndt/200906/t20090608_644204.shtml HTTP/1.1" 200 27279 "-" "Sogou web spider/4.0(+http://www.sogou.com/docs/help/webmasters.htm#07)"
203.208.60.129 - - [25/Mar/2018:04:36:18 +0800] "GET /ky/kyjz/201208/W020120820336261882743.doc HTTP/1.1" 200 304640 "-" "Mozilla/5.0 (Linux; Android 6.0.1; Nexus 5X Build/MMB29P) AppleWebKit/537.36 (KHTML, like Gecko) Chrome/41.0.2272.96 Mobile Safari/537.36 (compatible; Googlebot/2.1; +http://www.google.com/bot.html)"
203.208.60.131 - - [25/Mar/2018:04:37:10 +0800] "GET /kxcb/kpwz/201407/W020140728403482884040.jpg HTTP/1.1" 200 197853 "-" "Googlebot-Image/1.0"
157.55.39.163 - - [25/Mar/2018:04:37:41 +0800] "GET /kxcb/ztts/index_1.shtml HTTP/1.1" 200 38335 "-" "Mozilla/5.0 (compatible; bingbot/2.0; +http://www.bing.com/bingbot.htm)"
106.120.173.111 - - [25/Mar/2018:04:40:08 +0800] "GET /ky/kyjz/201110/W020110922545991458182.pdf HTTP/1.1" 304 - "-" "Sogou web spider/4.0(+http://www.sogou.com/docs/help/webmasters.htm#07)"
123.125.71.104 - - [25/Mar/2018:04:40:33 +0800] "GET /zt/2014nzt/?tr=76332 HTTP/1.1" 200 139775 "-" "Mozilla/5.0 (compatible; Baiduspider/2.0; +http://www.baidu.com/search/spider.html)"
123.126.113.131 - - [25/Mar/2018:04:42:39 +0800] "GET /yx/201602/t20160226_4537767.shtml HTTP/1.1" 200 142870 "-" "Sogou web spider/4.0(+http://www.sogou.com/docs/help/webmasters.htm#07)"
123.126.113.131 - - [25/Mar/2018:04:43:28 +0800] "GET /zjs/201612/t20161202_4583345.shtml HTTP/1.1" 200 143057 "-" "Sogou web spider/4.0(+http://www.sogou.com/docs/help/webmasters.htm#07)"
220.181.108.156 - - [25/Mar/2018:04:47:06 +0800] "GET /zt/kjzt/twx/twx_mtbd/index.shtml HTTP/1.1" 200 9569 "-" "Mozilla/5.0 (compatible; Baiduspider/2.0; +http://www.baidu.com/search/spider.html)"
106.120.173.93 - - [25/Mar/2018:04:47:23 +0800] "GET /yw/201510/t20151005_4433454.shtml HTTP/1.1" 200 147212 "-" "Sogou web spider/4.0(+http://www.sogou.com/docs/help/webmasters.htm#07)"
106.120.173.93 - - [25/Mar/2018:04:48:47 +0800] "GET /ky/kyjz/201206/t20120621_3603475.shtml HTTP/1.1" 200 28556 "-" "Sogou web spider/4.0(+http://www.sogou.com/docs/help/webmasters.htm#07)"
106.120.173.93 - - [25/Mar/2018:04:49:27 +0800] "GET /hzjl/ydhz/hzdt/200907/t20090722_2314911.shtml HTTP/1.1" 200 26764 "-" "Sogou web spider/4.0(+http://www.sogou.com/docs/help/webmasters.htm#07)"
220.181.108.156 - - [25/Mar/2018:04:50:25 +0800] "GET /zt/kjzt/tgehkjsys/tgeh_zxdt/ HTTP/1.1" 200 6010 "-" "Mozilla/5.0 (compatible; Baiduspider/2.0; +http://www.baidu.com/search/spider.html)"
123.126.113.123 - - [25/Mar/2018:04:54:34 +0800] "GET /xw/kjsm/gndt/200910/t20091020_2554391.shtml HTTP/1.1" 200 27534 "-" "Sogou web spider/4.0(+http://www.sogou.com/docs/help/webmasters.htm#07)"
220.181.124.136 - - [25/Mar/2018:04:55:21 +0800] "GET /robots.txt HTTP/1.1" 404 - "-" "Sogou web spider/4.0(+http://www.sogou.com/docs/help/webmasters.htm#07)"
123.126.113.168 - - [25/Mar/2018:04:55:53 +0800] "GET /robots.txt HTTP/1.1" 404 - "-" "Sogou web spider/4.0(+http://www.sogou.com/docs/help/webmasters.htm#07)"
106.120.173.93 - - [25/Mar/2018:04:56:13 +0800] "GET /xw/kjsm/gndt/200603/t20060316_1002329.shtml HTTP/1.1" 200 27626 "-" "Sogou web spider/4.0(+http://www.sogou.com/docs/help/webmasters.htm#07)"
42.236.10.109 - - [25/Mar/2018:04:56:24 +0800] "GET /hy/xshd/201303/W020130321428611897134.jpg HTTP/1.1" 200 65646 "http://big5.cas.cn/hy/xshd/201303/t20130321_3802525.shtml" "Mozilla/4.0 (compatible; MSIE 8.0; Windows NT 6.1)"
42.236.10.84 - - [25/Mar/2018:04:56:24 +0800] "GET /zt/sszt/cpc18/jcdtcxzy/201211/W020121105476551201506.jpg HTTP/1.1" 200 72122 "http://big5.cas.cn/zt/sszt/cpc18/jcdtcxzy/201211/t20121105_3677400.shtml" "Mozilla/4.0 (compatible; MSIE 8.0; Windows NT 6.1)"
123.125.71.74 - - [25/Mar/2018:04:56:56 +0800] "GET /xw/zyxw/tpxw/200301/t20030110_1011528.shtml HTTP/1.1" 200 26441 "-" "Mozilla/5.0 (compatible; Baiduspider/2.0; +http://www.baidu.com/search/spider.html)"
207.46.13.33 - - [25/Mar/2018:04:57:39 +0800] "GET /kxcb/kpdt/201301/t20130124_3756543.shtml HTTP/1.1" 200 28205 "-" "Mozilla/5.0 (compatible; bingbot/2.0; +http://www.bing.com/bingbot.htm)"
157.55.39.163 - - [25/Mar/2018:04:57:52 +0800] "GET /yw/201612/t20161201_4583243.shtml HTTP/1.1" 200 146754 "-" "Mozilla/5.0 (compatible; bingbot/2.0; +http://www.bing.com/bingbot.htm)"
103.26.77.190 - - [25/Mar/2018:04:58:00 +0800] "GET / HTTP/1.0" 200 181651 "-" "Mozilla/5.0 (X11; U; Linux i686; en-US; rv:1.9.0.3) Gecko/2008092416 Firefox/3.0.3"
106.120.173.66 - - [25/Mar/2018:05:01:10 +0800] "GET /zt/hyzt/2014qglh/spft/201403/t20140305_4045600.html HTTP/1.1" 200 7819 "-" "Sogou web spider/4.0(+http://www.sogou.com/docs/help/webmasters.htm#07)"
203.208.60.130 - - [25/Mar/2018:05:01:24 +0800] "GET /zt/kjzt/gzkxr/sh/xcbd/201406/t20140605_4132134.shtml HTTP/1.1" 200 12607 "-" "Mozilla/5.0 (compatible; Googlebot/2.1; +http://www.google.com/bot.html)"
40.77.167.94 - - [25/Mar/2018:05:02:02 +0800] "GET /kxcb/kpwz/201409/t20140912_4201243.shtml HTTP/1.1" 200 28166 "-" "Mozilla/5.0 (compatible; bingbot/2.0; +http://www.bing.com/bingbot.htm)"
203.208.60.129 - - [25/Mar/2018:05:02:07 +0800] "GET /images/20140505_10jkxr.css HTTP/1.1" 200 1894 "http://big5.cas.cn/zt/kjzt/gzkxr/sh/xcbd/201406/t20140605_4132134.shtml" "Mozilla/5.0 (compatible; Googlebot/2.1; +http://www.google.com/bot.html)"
106.38.241.119 - - [25/Mar/2018:05:02:14 +0800] "GET /zt/kjzt/11th/hf/ HTTP/1.1" 200 11429 "-" "Sogou web spider/4.0(+http://www.sogou.com/docs/help/webmasters.htm#07)"
203.208.60.130 - - [25/Mar/2018:05:02:57 +0800] "GET /hy/hyyg/201312/t20131202_3988933.shtml HTTP/1.1" 200 28175 "-" "Mozilla/5.0 (compatible; Googlebot/2.1; +http://www.google.com/bot.html)"
220.181.108.158 - - [25/Mar/2018:05:03:27 +0800] "GET /zj/nb/2004nb/200907/P020090703598841123933.pdf HTTP/1.1" 200 1435798 "-" "Mozilla/5.0 (compatible; Baiduspider/2.0; +http://www.baidu.com/search/spider.html)"
124.205.86.175 - - [25/Mar/2018:05:04:11 +0800] "GET / HTTP/1.1" 200 181651 "-" "Mozilla/5.0 (compatible; MSIE 9.0; Windows NT 6.1; WOW64; Trident/5.0)"
124.205.86.175 - - [25/Mar/2018:05:04:13 +0800] "GET /yw/201803/t20180320_4639058.shtml HTTP/1.1" 200 143712 "http://big5.cas.cn/" "Mozilla/5.0 (compatible; MSIE 9.0; Windows NT 6.1; WOW64; Trident/5.0)"
124.205.86.175 - - [25/Mar/2018:05:04:14 +0800] "GET /yw/201803/t20180320_4639009.shtml HTTP/1.1" 200 143608 "http://big5.cas.cn/" "Mozilla/5.0 (compatible; MSIE 9.0; Windows NT 6.1; WOW64; Trident/5.0)"
124.205.86.175 - - [25/Mar/2018:05:04:15 +0800] "GET /yw/201803/t20180315_4638571.shtml HTTP/1.1" 200 143383 "http://big5.cas.cn/" "Mozilla/5.0 (compatible; MSIE 9.0; Windows NT 6.1; WOW64; Trident/5.0)"
124.205.86.175 - - [25/Mar/2018:05:04:15 +0800] "GET /yw/201803/t20180317_4638698.shtml HTTP/1.1" 200 142208 "http://big5.cas.cn/" "Mozilla/5.0 (compatible; MSIE 9.0; Windows NT 6.1; WOW64; Trident/5.0)"
124.205.86.175 - - [25/Mar/2018:05:04:15 +0800] "GET /spx/201409/t20140920_4210676.shtml HTTP/1.1" 200 141506 "http://big5.cas.cn/" "Mozilla/5.0 (compatible; MSIE 9.0; Windows NT 6.1; WOW64; Trident/5.0)"
42.236.50.202 - - [25/Mar/2018:05:04:53 +0800] "GET /spx/ HTTP/1.1" 200 145472 "http://big5.cas.cn/spx/" "Mozilla/5.0 (Windows NT 6.1; WOW64) AppleWebKit/537.36 (KHTML, like Gecko) Chrome/50.0.2661.102 Safari/537.36; 360Spider"
210.51.177.136 - - [25/Mar/2018:05:09:05 +0800] "GET / HTTP/1.0" 200 181651 "-" "Mozilla/5.0 (X11; U; Linux i686; en-US; rv:1.9.0.3) Gecko/2008092416 Firefox/3.0.3"
203.208.60.131 - - [25/Mar/2018:05:09:10 +0800] "GET /xw/ldhd/201001/t20100105_2722005.shtml HTTP/1.1" 200 27260 "-" "Mozilla/5.0 (compatible; Googlebot/2.1; +http://www.google.com/bot.html)"
5.255.253.24 - - [25/Mar/2018:05:09:57 +0800] "GET /robots.txt HTTP/1.1" 404 - "-" "Mozilla/5.0 (compatible; YandexBot/3.0; +http://yandex.com/bots)"
106.120.173.111 - - [25/Mar/2018:05:11:12 +0800] "GET /zt/kjzt/12th_gzkxr/bj/xcbd/201605/t20160517_4557513.shtml HTTP/1.1" 200 14661 "-" "Sogou web spider/4.0(+http://www.sogou.com/docs/help/webmasters.htm#07)"
106.120.173.84 - - [25/Mar/2018:05:11:47 +0800] "GET /xx/yb/cj/dezj/ HTTP/1.1" 200 374 "-" "Sogou web spider/4.0(+http://www.sogou.com/docs/help/webmasters.htm#07)"
157.55.39.163 - - [25/Mar/2018:05:13:41 +0800] "GET /ky/kyjz/200511/t20051122_1026708.shtml HTTP/1.1" 200 27059 "-" "Mozilla/5.0 (compatible; bingbot/2.0; +http://www.bing.com/bingbot.htm)"
157.55.39.163 - - [25/Mar/2018:05:13:43 +0800] "GET /ky/kyjz/201410/t20141013_4222631.shtml HTTP/1.1" 200 30984 "-" "Mozilla/5.0 (compatible; bingbot/2.0; +http://www.bing.com/bingbot.htm)"
106.120.173.66 - - [25/Mar/2018:05:14:15 +0800] "GET /hzjl/ydhz/hzdt/201004/t20100401_2810968.shtml HTTP/1.1" 200 27010 "-" "Sogou web spider/4.0(+http://www.sogou.com/docs/help/webmasters.htm#07)"
207.46.13.33 - - [25/Mar/2018:05:15:34 +0800] "GET /kxcb/kpwz/201007/W020100705409367142492.jpg HTTP/1.1" 200 85326 "-" "Mozilla/5.0 (compatible; bingbot/2.0; +http://www.bing.com/bingbot.htm)"
40.77.167.94 - - [25/Mar/2018:05:15:41 +0800] "GET /ky/kyjz/201411/t20141115_4253179.shtml HTTP/1.1" 200 29705 "-" "Mozilla/5.0 (compatible; bingbot/2.0; +http://www.bing.com/bingbot.htm)"
106.120.173.66 - - [25/Mar/2018:05:15:54 +0800] "GET /xw/ldhd/200908/t20090805_2540084.shtml HTTP/1.1" 200 29910 "-" "Sogou web spider/4.0(+http://www.sogou.com/docs/help/webmasters.htm#07)"
106.120.173.66 - - [25/Mar/2018:05:16:25 +0800] "GET /xw/kjsm/gndt/201003/t20100315_2797572.shtml HTTP/1.1" 200 25990 "-" "Sogou web spider/4.0(+http://www.sogou.com/docs/help/webmasters.htm#07)"
106.120.173.66 - - [25/Mar/2018:05:16:56 +0800] "GET /zt/rwzt/?nfe3s4qd7f HTTP/1.1" 200 156102 "-" "Sogou web spider/4.0(+http://www.sogou.com/docs/help/webmasters.htm#07)"
106.120.173.66 - - [25/Mar/2018:05:17:29 +0800] "GET /zt/hyzt/2014qglh/spft/201403/t20140303_4044559.html HTTP/1.1" 200 7826 "-" "Sogou web spider/4.0(+http://www.sogou.com/docs/help/webmasters.htm#07)"
106.120.173.66 - - [25/Mar/2018:05:17:58 +0800] "GET /jzd/jys/jysfc/200302/t20030228_1677725.shtml HTTP/1.1" 404 - "-" "Sogou web spider/4.0(+http://www.sogou.com/docs/help/webmasters.htm#07)"
157.55.39.163 - - [25/Mar/2018:05:19:48 +0800] "GET /yw/201712/t20171203_4625532.shtml HTTP/1.1" 200 146470 "-" "Mozilla/5.0 (compatible; bingbot/2.0; +http://www.bing.com/bingbot.htm)"
207.46.13.33 - - [25/Mar/2018:05:21:44 +0800] "GET /ft/zxft/201005/t20100504_2835983.shtml HTTP/1.1" 200 36507 "-" "Mozilla/5.0 (compatible; bingbot/2.0; +http://www.bing.com/bingbot.htm)"
123.125.71.89 - - [25/Mar/2018:05:24:18 +0800] "GET /zt/sszt/?query-0zbi6 HTTP/1.1" 200 163988 "-" "Mozilla/5.0 (compatible; Baiduspider/2.0; +http://www.baidu.com/search/spider.html)"
106.120.173.114 - - [25/Mar/2018:05:25:09 +0800] "GET /hzjl/gjjl/hzdt/201205/t20120509_3574512.shtml HTTP/1.1" 200 26894 "-" "Sogou web spider/4.0(+http://www.sogou.com/docs/help/webmasters.htm#07)"
207.46.13.33 - - [25/Mar/2018:05:25:38 +0800] "GET /hzjl/gjjl/hzdt/index_9.shtml HTTP/1.1" 200 32367 "-" "Mozilla/5.0 (compatible; bingbot/2.0; +http://www.bing.com/bingbot.htm)"
106.120.173.114 - - [25/Mar/2018:05:25:42 +0800] "GET /xw/zyxw/yw/index_13.shtml HTTP/1.1" 200 38400 "-" "Sogou web spider/4.0(+http://www.sogou.com/docs/help/webmasters.htm#07)"
40.77.167.94 - - [25/Mar/2018:05:26:01 +0800] "GET /spx/201707/t20170713_4608396.shtml HTTP/1.1" 200 141792 "-" "Mozilla/5.0 (compatible; bingbot/2.0; +http://www.bing.com/bingbot.htm)"
106.120.173.105 - - [25/Mar/2018:05:26:15 +0800] "GET /xw/kjsm/gjdt/201109/t20110913_3347009.shtml HTTP/1.1" 200 27085 "-" "Sogou web spider/4.0(+http://www.sogou.com/docs/help/webmasters.htm#07)"
124.205.86.175 - - [25/Mar/2018:05:26:53 +0800] "GET /yw/201803/t20180322_4639305.shtml HTTP/1.1" 200 144714 "http://big5.cas.cn/" "Mozilla/5.0 (compatible; MSIE 9.0; Windows NT 6.1; WOW64; Trident/5.0)"
124.205.86.175 - - [25/Mar/2018:05:26:54 +0800] "GET /yw/201803/t20180320_4639058.shtml HTTP/1.1" 200 143712 "http://big5.cas.cn/" "Mozilla/5.0 (compatible; MSIE 9.0; Windows NT 6.1; WOW64; Trident/5.0)"
124.205.86.175 - - [25/Mar/2018:05:26:55 +0800] "GET /yw/201803/t20180320_4639009.shtml HTTP/1.1" 200 143608 "http://big5.cas.cn/" "Mozilla/5.0 (compatible; MSIE 9.0; Windows NT 6.1; WOW64; Trident/5.0)"
124.205.86.175 - - [25/Mar/2018:05:26:57 +0800] "GET /yw/201803/t20180317_4638698.shtml HTTP/1.1" 200 142208 "http://big5.cas.cn/" "Mozilla/5.0 (compatible; MSIE 9.0; Windows NT 6.1; WOW64; Trident/5.0)"
124.205.86.175 - - [25/Mar/2018:05:26:57 +0800] "GET /spx/201803/t20180323_4639379.shtml HTTP/1.1" 200 141646 "http://big5.cas.cn/" "Mozilla/5.0 (compatible; MSIE 9.0; Windows NT 6.1; WOW64; Trident/5.0)"
124.205.86.175 - - [25/Mar/2018:05:26:57 +0800] "GET /spx/201803/t20180320_4638894.shtml HTTP/1.1" 200 141459 "http://big5.cas.cn/" "Mozilla/5.0 (compatible; MSIE 9.0; Windows NT 6.1; WOW64; Trident/5.0)"
106.120.173.105 - - [25/Mar/2018:05:26:59 +0800] "GET /hy/xshd/200505/t20050524_1691634.shtml HTTP/1.1" 200 27091 "-" "Sogou web spider/4.0(+http://www.sogou.com/docs/help/webmasters.htm#07)"
220.181.124.125 - - [25/Mar/2018:05:27:11 +0800] "GET /hzjl/ydhz/hzdt/200312/t20031219_1701380.shtml HTTP/1.1" 200 26439 "-" "Sogou web spider/4.0(+http://www.sogou.com/docs/help/webmasters.htm#07)"
157.55.39.163 - - [25/Mar/2018:05:27:28 +0800] "GET /yw/201707/t20170707_4607785.shtml HTTP/1.1" 200 143479 "-" "Mozilla/5.0 (compatible; bingbot/2.0; +http://www.bing.com/bingbot.htm)"
157.55.39.209 - - [25/Mar/2018:05:27:42 +0800] "GET /kxcb/kpwz/201406/t20140616_4137876.shtml HTTP/1.1" 200 37980 "-" "Mozilla/5.0 (compatible; bingbot/2.0; +http://www.bing.com/bingbot.htm)"
203.208.60.133 - - [25/Mar/2018:05:30:23 +0800] "GET /jypx/gzdt/201204/t20120420_3559710.shtml HTTP/1.1" 200 27287 "-" "Mozilla/5.0 (compatible; Googlebot/2.1; +http://www.google.com/bot.html)"
220.181.108.122 - - [25/Mar/2018:05:30:51 +0800] "GET /xw/zjsd/201403/t20140314_4051830.shtml HTTP/1.1" 200 30484 "-" "Mozilla/5.0 (compatible; Baiduspider/2.0; +http://www.baidu.com/search/spider.html)"
123.125.71.18 - - [25/Mar/2018:05:34:07 +0800] "GET /zt/hyzt/2014ygzhy/ywhg/index_3.shtml HTTP/1.1" 200 10825 "-" "Mozilla/5.0 (compatible; Baiduspider/2.0; +http://www.baidu.com/search/spider.html)"
42.236.104.11 - - [25/Mar/2018:05:37:08 +0800] "GET / HTTP/1.1" 200 181651 "http://big5.cas.cn/" "Mozilla/5.0 (Windows NT 6.1; WOW64) AppleWebKit/537.36 (KHTML, like Gecko) Chrome/50.0.2661.102 Safari/537.36; 360Spider"
123.59.3.38 - - [25/Mar/2018:05:38:49 +0800] "GET / HTTP/1.1" 200 181651 "http://www.cas.cn/zt/kjzt/zgchy/" ""
123.59.3.38 - - [25/Mar/2018:05:39:54 +0800] "GET /rcjy/zs/ HTTP/1.1" 200 143827 "http://big5.cas.cn/" ""
123.125.71.33 - - [25/Mar/2018:05:40:40 +0800] "GET /zt/2014nzt/?W=f4vtj HTTP/1.1" 200 139775 "-" "Mozilla/5.0 (compatible; Baiduspider/2.0; +http://www.baidu.com/search/spider.html)"
123.59.3.38 - - [25/Mar/2018:05:41:09 +0800] "GET /spx/ HTTP/1.1" 200 145472 "http://big5.cas.cn/" ""
123.59.3.38 - - [25/Mar/2018:05:42:10 +0800] "GET /gj/ HTTP/1.1" 200 146100 "http://big5.cas.cn/" ""
123.59.3.38 - - [25/Mar/2018:05:42:43 +0800] "GET /wjwfjb/ HTTP/1.1" 200 2352 "http://big5.cas.cn/" ""
123.59.3.38 - - [25/Mar/2018:05:46:52 +0800] "GET /rcjy/skd/ HTTP/1.1" 200 378 "http://big5.cas.cn/rcjy/zs/" ""
207.46.13.33 - - [25/Mar/2018:05:49:55 +0800] "GET /kxcb/kpdt/201404/t20140428_4102053.shtml HTTP/1.1" 200 27321 "-" "Mozilla/5.0 (compatible; bingbot/2.0; +http://www.bing.com/bingbot.htm)"
207.46.13.33 - - [25/Mar/2018:05:49:56 +0800] "GET /zt/sszt/yq60/zgkxyda/ydhzycyh/ HTTP/1.1" 200 13310 "-" "Mozilla/5.0 (compatible; bingbot/2.0; +http://www.bing.com/bingbot.htm)"
40.77.167.94 - - [25/Mar/2018:05:50:09 +0800] "GET /hzjl/gatjl/hzdt/201007/t20100726_2910645.shtml HTTP/1.1" 200 27241 "-" "Mozilla/5.0 (compatible; bingbot/2.0; +http://www.bing.com/bingbot.htm)"
220.181.108.141 - - [25/Mar/2018:05:50:29 +0800] "GET /zt/sszt/lxyzxxjy/lxyzjcdt/lxyzjcdtwhfy/201610/t20161012_4577534.shtml HTTP/1.1" 200 14891 "-" "Mozilla/5.0 (compatible; Baiduspider/2.0; +http://www.baidu.com/search/spider.html)"
157.55.39.163 - - [25/Mar/2018:05:51:14 +0800] "GET /kxcb/kpwz/201105/images/lml6b.gif HTTP/1.1" 404 1297 "-" "Mozilla/5.0 (compatible; bingbot/2.0; +http://www.bing.com/bingbot.htm)"
157.55.39.209 - - [25/Mar/2018:05:51:38 +0800] "GET /xw/zyxw/ttxw/201005/W020100507645500616639.jpg HTTP/1.1" 200 28632 "-" "Mozilla/5.0 (compatible; bingbot/2.0; +http://www.bing.com/bingbot.htm)"
123.126.113.171 - - [25/Mar/2018:05:51:55 +0800] "GET /robots.txt HTTP/1.1" 404 - "-" "Sogou web spider/4.0(+http://www.sogou.com/docs/help/webmasters.htm#07)"
185.180.28.244 - - [25/Mar/2018:05:52:08 +0800] "GET /ky/kyjz/201305/W020130504687068232825.pdf HTTP/1.1" 206 65536 "https://www.google.com.tr/" "Mozilla/5.0 (Windows NT 6.1; Win64; x64; rv:59.0) Gecko/20100101 Firefox/59.0"
185.180.28.244 - - [25/Mar/2018:05:52:11 +0800] "GET /ky/kyjz/201305/W020130504687068232825.pdf HTTP/1.1" 206 52719 "https://www.google.com.tr/" "Mozilla/5.0 (Windows NT 6.1; Win64; x64; rv:59.0) Gecko/20100101 Firefox/59.0"
185.180.28.244 - - [25/Mar/2018:05:52:13 +0800] "GET /ky/kyjz/201305/W020130504687068232825.pdf HTTP/1.1" 206 65536 "https://www.google.com.tr/" "Mozilla/5.0 (Windows NT 6.1; Win64; x64; rv:59.0) Gecko/20100101 Firefox/59.0"
185.180.28.244 - - [25/Mar/2018:05:52:13 +0800] "GET /ky/kyjz/201305/W020130504687068232825.pdf HTTP/1.1" 206 65536 "https://www.google.com.tr/" "Mozilla/5.0 (Windows NT 6.1; Win64; x64; rv:59.0) Gecko/20100101 Firefox/59.0"
185.180.28.244 - - [25/Mar/2018:05:52:13 +0800] "GET /ky/kyjz/201305/W020130504687068232825.pdf HTTP/1.1" 206 65536 "https://www.google.com.tr/" "Mozilla/5.0 (Windows NT 6.1; Win64; x64; rv:59.0) Gecko/20100101 Firefox/59.0"
185.180.28.244 - - [25/Mar/2018:05:52:14 +0800] "GET /ky/kyjz/201305/W020130504687068232825.pdf HTTP/1.1" 206 65536 "https://www.google.com.tr/" "Mozilla/5.0 (Windows NT 6.1; Win64; x64; rv:59.0) Gecko/20100101 Firefox/59.0"
185.180.28.244 - - [25/Mar/2018:05:52:15 +0800] "GET /ky/kyjz/201305/W020130504687068232825.pdf HTTP/1.1" 206 65536 "https://www.google.com.tr/" "Mozilla/5.0 (Windows NT 6.1; Win64; x64; rv:59.0) Gecko/20100101 Firefox/59.0"
185.180.28.244 - - [25/Mar/2018:05:52:16 +0800] "GET /ky/kyjz/201305/W020130504687068232825.pdf HTTP/1.1" 206 65536 "https://www.google.com.tr/" "Mozilla/5.0 (Windows NT 6.1; Win64; x64; rv:59.0) Gecko/20100101 Firefox/59.0"
185.180.28.244 - - [25/Mar/2018:05:52:16 +0800] "GET /ky/kyjz/201305/W020130504687068232825.pdf HTTP/1.1" 206 65536 "https://www.google.com.tr/" "Mozilla/5.0 (Windows NT 6.1; Win64; x64; rv:59.0) Gecko/20100101 Firefox/59.0"
185.180.28.244 - - [25/Mar/2018:05:52:17 +0800] "GET /ky/kyjz/201305/W020130504687068232825.pdf HTTP/1.1" 206 196608 "https://www.google.com.tr/" "Mozilla/5.0 (Windows NT 6.1; Win64; x64; rv:59.0) Gecko/20100101 Firefox/59.0"
185.180.28.244 - - [25/Mar/2018:05:52:18 +0800] "GET /ky/kyjz/201305/W020130504687068232825.pdf HTTP/1.1" 206 65536 "https://www.google.com.tr/" "Mozilla/5.0 (Windows NT 6.1; Win64; x64; rv:59.0) Gecko/20100101 Firefox/59.0"
185.180.28.244 - - [25/Mar/2018:05:52:17 +0800] "GET /ky/kyjz/201305/W020130504687068232825.pdf HTTP/1.1" 206 196608 "https://www.google.com.tr/" "Mozilla/5.0 (Windows NT 6.1; Win64; x64; rv:59.0) Gecko/20100101 Firefox/59.0"
185.180.28.244 - - [25/Mar/2018:05:52:17 +0800] "GET /ky/kyjz/201305/W020130504687068232825.pdf HTTP/1.1" 206 196608 "https://www.google.com.tr/" "Mozilla/5.0 (Windows NT 6.1; Win64; x64; rv:59.0) Gecko/20100101 Firefox/59.0"
185.180.28.244 - - [25/Mar/2018:05:52:20 +0800] "GET /ky/kyjz/201305/W020130504687068232825.pdf HTTP/1.1" 206 65536 "https://www.google.com.tr/" "Mozilla/5.0 (Windows NT 6.1; Win64; x64; rv:59.0) Gecko/20100101 Firefox/59.0"
185.180.28.244 - - [25/Mar/2018:05:52:21 +0800] "GET /ky/kyjz/201305/W020130504687068232825.pdf HTTP/1.1" 206 65536 "https://www.google.com.tr/" "Mozilla/5.0 (Windows NT 6.1; Win64; x64; rv:59.0) Gecko/20100101 Firefox/59.0"
185.180.28.244 - - [25/Mar/2018:05:52:22 +0800] "GET /ky/kyjz/201305/W020130504687068232825.pdf HTTP/1.1" 206 65536 "https://www.google.com.tr/" "Mozilla/5.0 (Windows NT 6.1; Win64; x64; rv:59.0) Gecko/20100101 Firefox/59.0"
185.180.28.244 - - [25/Mar/2018:05:52:23 +0800] "GET /ky/kyjz/201305/W020130504687068232825.pdf HTTP/1.1" 206 196608 "https://www.google.com.tr/" "Mozilla/5.0 (Windows NT 6.1; Win64; x64; rv:59.0) Gecko/20100101 Firefox/59.0"
185.180.28.244 - - [25/Mar/2018:05:52:23 +0800] "GET /ky/kyjz/201305/W020130504687068232825.pdf HTTP/1.1" 206 196608 "https://www.google.com.tr/" "Mozilla/5.0 (Windows NT 6.1; Win64; x64; rv:59.0) Gecko/20100101 Firefox/59.0"
185.180.28.244 - - [25/Mar/2018:05:52:37 +0800] "GET /ky/kyjz/201305/W020130504687068232825.pdf HTTP/1.1" 206 131072 "https://www.google.com.tr/" "Mozilla/5.0 (Windows NT 6.1; Win64; x64; rv:59.0) Gecko/20100101 Firefox/59.0"
106.120.173.114 - - [25/Mar/2018:05:52:39 +0800] "GET /yx/201605/t20160512_4556692.shtml HTTP/1.1" 200 142426 "-" "Sogou web spider/4.0(+http://www.sogou.com/docs/help/webmasters.htm#07)"
185.180.28.244 - - [25/Mar/2018:05:52:40 +0800] "GET /ky/kyjz/201305/W020130504687068232825.pdf HTTP/1.1" 206 65536 "https://www.google.com.tr/" "Mozilla/5.0 (Windows NT 6.1; Win64; x64; rv:59.0) Gecko/20100101 Firefox/59.0"
185.180.28.244 - - [25/Mar/2018:05:52:40 +0800] "GET /ky/kyjz/201305/W020130504687068232825.pdf HTTP/1.1" 206 65536 "https://www.google.com.tr/" "Mozilla/5.0 (Windows NT 6.1; Win64; x64; rv:59.0) Gecko/20100101 Firefox/59.0"
185.180.28.244 - - [25/Mar/2018:05:52:41 +0800] "GET /ky/kyjz/201305/W020130504687068232825.pdf HTTP/1.1" 206 65536 "https://www.google.com.tr/" "Mozilla/5.0 (Windows NT 6.1; Win64; x64; rv:59.0) Gecko/20100101 Firefox/59.0"
185.180.28.244 - - [25/Mar/2018:05:52:41 +0800] "GET /ky/kyjz/201305/W020130504687068232825.pdf HTTP/1.1" 206 65536 "https://www.google.com.tr/" "Mozilla/5.0 (Windows NT 6.1; Win64; x64; rv:59.0) Gecko/20100101 Firefox/59.0"
185.180.28.244 - - [25/Mar/2018:05:52:40 +0800] "GET /ky/kyjz/201305/W020130504687068232825.pdf HTTP/1.1" 206 262144 "https://www.google.com.tr/" "Mozilla/5.0 (Windows NT 6.1; Win64; x64; rv:59.0) Gecko/20100101 Firefox/59.0"
185.180.28.244 - - [25/Mar/2018:05:52:43 +0800] "GET /ky/kyjz/201305/W020130504687068232825.pdf HTTP/1.1" 206 458752 "https://www.google.com.tr/" "Mozilla/5.0 (Windows NT 6.1; Win64; x64; rv:59.0) Gecko/20100101 Firefox/59.0"
185.180.28.244 - - [25/Mar/2018:05:52:47 +0800] "GET /ky/kyjz/201305/W020130504687068232825.pdf HTTP/1.1" 206 65536 "https://www.google.com.tr/" "Mozilla/5.0 (Windows NT 6.1; Win64; x64; rv:59.0) Gecko/20100101 Firefox/59.0"
185.180.28.244 - - [25/Mar/2018:05:52:43 +0800] "GET /ky/kyjz/201305/W020130504687068232825.pdf HTTP/1.1" 206 589824 "https://www.google.com.tr/" "Mozilla/5.0 (Windows NT 6.1; Win64; x64; rv:59.0) Gecko/20100101 Firefox/59.0"
185.180.28.244 - - [25/Mar/2018:05:52:40 +0800] "GET /ky/kyjz/201305/W020130504687068232825.pdf HTTP/1.1" 206 1114112 "https://www.google.com.tr/" "Mozilla/5.0 (Windows NT 6.1; Win64; x64; rv:59.0) Gecko/20100101 Firefox/59.0"
185.180.28.244 - - [25/Mar/2018:05:52:47 +0800] "GET /ky/kyjz/201305/W020130504687068232825.pdf HTTP/1.1" 206 1376256 "https://www.google.com.tr/" "Mozilla/5.0 (Windows NT 6.1; Win64; x64; rv:59.0) Gecko/20100101 Firefox/59.0"
185.180.28.244 - - [25/Mar/2018:05:52:08 +0800] "GET /ky/kyjz/201305/W020130504687068232825.pdf HTTP/1.1" 200 5890547 "https://www.google.com.tr/" "Mozilla/5.0 (Windows NT 6.1; Win64; x64; rv:59.0) Gecko/20100101 Firefox/59.0"
185.180.28.244 - - [25/Mar/2018:05:53:34 +0800] "GET /favicon.ico HTTP/1.1" 200 1406 "-" "Mozilla/5.0 (Windows NT 6.1; Win64; x64; rv:59.0) Gecko/20100101 Firefox/59.0"
185.180.28.244 - - [25/Mar/2018:05:53:34 +0800] "GET /favicon.ico HTTP/1.1" 200 1406 "-" "Mozilla/5.0 (Windows NT 6.1; Win64; x64; rv:59.0) Gecko/20100101 Firefox/59.0"
220.181.108.156 - - [25/Mar/2018:05:53:44 +0800] "GET /zt/kjzt/lzwx/sp/index_4.shtml HTTP/1.1" 200 18447 "-" "Mozilla/5.0 (compatible; Baiduspider/2.0; +http://www.baidu.com/search/spider.html)"
123.126.113.184 - - [25/Mar/2018:05:54:41 +0800] "GET /xw/ldhd/200906/t20090608_612832.shtml HTTP/1.1" 200 26110 "-" "Sogou web spider/4.0(+http://www.sogou.com/docs/help/webmasters.htm#07)"
220.181.124.130 - - [25/Mar/2018:05:56:01 +0800] "GET /xw/cmsm/200503/t20050330_2694936.shtml HTTP/1.1" 200 27081 "-" "Sogou web spider/4.0(+http://www.sogou.com/docs/help/webmasters.htm#07)"
124.205.86.175 - - [25/Mar/2018:05:56:34 +0800] "GET /tt/201803/t20180323_4639485.shtml HTTP/1.1" 200 142595 "http://big5.cas.cn/" "Mozilla/5.0 (compatible; MSIE 9.0; Windows NT 6.1; WOW64; Trident/5.0)"
